{
    "Pending": {
        "label": "Pending",
        "color": "gray",
        "fluxColor": "zinc"
    },
    "Fulfilled": {
        "label": "Fulfilled",
        "color": "success",
        "fluxColor": "green"
    },
    "Rejected": {
        "label": "Rejected",
        "color": "danger",
        "fluxColor": "red"
    },
    "NotFound": {
        "label": "Not Found",
        "color": "warning",
        "fluxColor": "amber"
    }
}